
> typecheck
> react-router typegen && tsc

app/routes/auth/sign-in.tsx(54,49): error TS2304: Cannot find name 'User'.
app/routes/dashboard/dashboard-layout.tsx(7,15): error TS2305: Module '"@/provider/auth-context"' has no exported member 'Workspace'.
